../Drivers/STM32L5xx_HAL_Driver/Inc/stm32l5xx_ll_bus.h:433:22:LL_AHB2_GRP1_EnableClock	24	static
../Drivers/STM32L5xx_HAL_Driver/Inc/stm32l5xx_ll_bus.h:914:22:LL_APB1_GRP2_EnableClock	24	static
../Core/Src/main.c:80:5:main	8	static
../Core/Src/main.c:148:6:SystemClock_Config	104	static
../Core/Src/main.c:209:13:MX_ADC1_Init	48	static
../Core/Src/main.c:276:13:MX_ICACHE_Init	8	static
../Core/Src/main.c:308:13:MX_LPUART1_UART_Init	8	static
../Core/Src/main.c:356:13:MX_RTC_Init	32	static
../Core/Src/main.c:403:13:MX_UCPD1_Init	32	static
../Core/Src/main.c:445:13:MX_USB_PCD_Init	8	static
../Core/Src/main.c:478:13:MX_GPIO_Init	48	static
../Core/Src/main.c:546:6:HAL_GPIO_EXTI_Rising_Callback	16	static
../Core/Src/main.c:575:6:Error_Handler	4	static,ignoring_inline_asm
